entities:
  - id_types:
      - {name: main_id}
      - {name: salesforce_id}
      - {name: rudder_anon_id}
      - {name: email}
      - {name: domain}
    name: user
model_folders: [models]
name: sample_attribution
profile: test
schema_version: 9
